{
    "historyAnalyser": "git",
    "historyMarker": "0f078b7d445f661991605b91d8ddb9c7f796242d",
    "resultsParser": "phpstan-json",
    "analysisResults": [
        {
            "lineNumber": 0,
            "fileName": "static-analysis-baseliner\/src\/Employee.php",
            "type": "Class not found and could not be autoloaded.",
            "message": "Class Demo\\Foo not found and could not be autoloaded.",
            "severity": "error"
        },
        {
            "lineNumber": 50,
            "fileName": "static-analysis-baseliner\/src\/Plugins\/PsalmTextResultsParser\/PsalmTextResultsParser.php",
            "type": "Call to an undefined method",
            "message": "Call to an undefined method DaveLiddament\\StaticAnalysisResultsBaseliner\\Plugins\\PsalmTextResultsParser\\PsalmTextResultsParser::processLine().",
            "severity": "error"
        }
    ]
}
