{
    "historyAnalyser": "git",
    "historyMarker": "0f078b7d445f661991605b91d8ddb9c7f796242d",
    "resultsParser": "psalm-json",
    "analysisResults": [
        {
            "lineNumber": 67,
            "fileName": "static-analysis-baseliner\/src\/Domain\/ResultsParser\/AnalysisResults.php",
            "type": "MismatchingDocblockParamType",
            "message": "Parameter $array has wrong type 'array<mixed, mixed>', should be 'int'"
        },
        {
            "lineNumber": 29,
            "fileName": "static-analysis-baseliner\/src\/Domain\/Utils\/JsonUtils.php",
            "type": "MixedAssignment",
            "message": "Cannot assign $asArray to a mixed type"
        },
        {
            "lineNumber": 90,
            "fileName": "static-analysis-baseliner\/src\/Plugins\/PsalmJsonResultsParser\/PsalmJsonResultsParser.php",
            "type": "MixedAssignment",
            "message": "Cannot assign $analysisResultAsArray to a mixed type"
        }
    ]
}